InterpretSnapshot:
  isStatus: running / faced statement
  isStackFrames:
    [ StackFrame:
      sfName: main
      sfLoc: test/contracts/tuple-with-size-five.mligo@3:3-3:40
      sfStack:
        [ StackItem:
          siLigoDesc: elem s of int
          siValue: 0 ] ]
InterpretSnapshot:
  isStatus: running / upon expression
  isStackFrames:
    [ StackFrame:
      sfName: main
      sfLoc: test/contracts/tuple-with-size-five.mligo@3:26-3:39
      sfStack:
        [ StackItem:
          siLigoDesc: elem s of int
          siValue: 0 ] ]
InterpretSnapshot:
  isStatus:
    running / expression evaluated (Pair (Pair (Pair 1 2) (Pair 3 4)) 5 : int * int * int * int * int)
  isStackFrames:
    [ StackFrame:
      sfName: main
      sfLoc: test/contracts/tuple-with-size-five.mligo@3:26-3:39
      sfStack:
        [ StackItem:
          siLigoDesc: elem s of int
          siValue: 0 ] ]
InterpretSnapshot:
  isStatus: running / faced statement
  isStackFrames:
    [ StackFrame:
      sfName: main
      sfLoc: test/contracts/tuple-with-size-five.mligo@4:3-4:49
      sfStack:
        [ StackItem:
          siLigoDesc: elem e of int
          siValue: 5
        , StackItem:
          siLigoDesc: elem d of int
          siValue: 4
        , StackItem:
          siLigoDesc: elem c of int
          siValue: 3
        , StackItem:
          siLigoDesc: elem b of int
          siValue: 2
        , StackItem:
          siLigoDesc: elem a of int
          siValue: 1
        , StackItem:
          siLigoDesc: elem s of int
          siValue: 0 ] ]
InterpretSnapshot:
  isStatus: running / upon expression
  isStackFrames:
    [ StackFrame:
      sfName: main
      sfLoc: test/contracts/tuple-with-size-five.mligo@4:4-4:48
      sfStack:
        [ StackItem:
          siLigoDesc: elem e of int
          siValue: 5
        , StackItem:
          siLigoDesc: elem d of int
          siValue: 4
        , StackItem:
          siLigoDesc: elem c of int
          siValue: 3
        , StackItem:
          siLigoDesc: elem b of int
          siValue: 2
        , StackItem:
          siLigoDesc: elem a of int
          siValue: 1
        , StackItem:
          siLigoDesc: elem s of int
          siValue: 0 ] ]
InterpretSnapshot:
  isStatus: running / upon expression
  isStackFrames:
    [ StackFrame:
      sfName: main
      sfLoc: test/contracts/tuple-with-size-five.mligo@4:27-4:48
      sfStack:
        [ StackItem:
          siLigoDesc: elem e of int
          siValue: 5
        , StackItem:
          siLigoDesc: elem d of int
          siValue: 4
        , StackItem:
          siLigoDesc: elem c of int
          siValue: 3
        , StackItem:
          siLigoDesc: elem b of int
          siValue: 2
        , StackItem:
          siLigoDesc: elem a of int
          siValue: 1
        , StackItem:
          siLigoDesc: elem s of int
          siValue: 0 ] ]
InterpretSnapshot:
  isStatus: running / upon expression
  isStackFrames:
    [ StackFrame:
      sfName: main
      sfLoc: test/contracts/tuple-with-size-five.mligo@4:27-4:44
      sfStack:
        [ StackItem:
          siLigoDesc: elem e of int
          siValue: 5
        , StackItem:
          siLigoDesc: elem d of int
          siValue: 4
        , StackItem:
          siLigoDesc: elem c of int
          siValue: 3
        , StackItem:
          siLigoDesc: elem b of int
          siValue: 2
        , StackItem:
          siLigoDesc: elem a of int
          siValue: 1
        , StackItem:
          siLigoDesc: elem s of int
          siValue: 0 ] ]
InterpretSnapshot:
  isStatus: running / upon expression
  isStackFrames:
    [ StackFrame:
      sfName: main
      sfLoc: test/contracts/tuple-with-size-five.mligo@4:27-4:40
      sfStack:
        [ StackItem:
          siLigoDesc: elem e of int
          siValue: 5
        , StackItem:
          siLigoDesc: elem d of int
          siValue: 4
        , StackItem:
          siLigoDesc: elem c of int
          siValue: 3
        , StackItem:
          siLigoDesc: elem b of int
          siValue: 2
        , StackItem:
          siLigoDesc: elem a of int
          siValue: 1
        , StackItem:
          siLigoDesc: elem s of int
          siValue: 0 ] ]
InterpretSnapshot:
  isStatus: running / upon expression
  isStackFrames:
    [ StackFrame:
      sfName: main
      sfLoc: test/contracts/tuple-with-size-five.mligo@4:27-4:36
      sfStack:
        [ StackItem:
          siLigoDesc: elem e of int
          siValue: 5
        , StackItem:
          siLigoDesc: elem d of int
          siValue: 4
        , StackItem:
          siLigoDesc: elem c of int
          siValue: 3
        , StackItem:
          siLigoDesc: elem b of int
          siValue: 2
        , StackItem:
          siLigoDesc: elem a of int
          siValue: 1
        , StackItem:
          siLigoDesc: elem s of int
          siValue: 0 ] ]
InterpretSnapshot:
  isStatus: running / upon expression
  isStackFrames:
    [ StackFrame:
      sfName: main
      sfLoc: test/contracts/tuple-with-size-five.mligo@4:27-4:32
      sfStack:
        [ StackItem:
          siLigoDesc: elem e of int
          siValue: 5
        , StackItem:
          siLigoDesc: elem d of int
          siValue: 4
        , StackItem:
          siLigoDesc: elem c of int
          siValue: 3
        , StackItem:
          siLigoDesc: elem b of int
          siValue: 2
        , StackItem:
          siLigoDesc: elem a of int
          siValue: 1
        , StackItem:
          siLigoDesc: elem s of int
          siValue: 0 ] ]
InterpretSnapshot:
  isStatus: running / expression evaluated (1 : int)
  isStackFrames:
    [ StackFrame:
      sfName: main
      sfLoc: test/contracts/tuple-with-size-five.mligo@4:27-4:32
      sfStack:
        [ StackItem:
          siLigoDesc: elem e of int
          siValue: 5
        , StackItem:
          siLigoDesc: elem d of int
          siValue: 4
        , StackItem:
          siLigoDesc: elem c of int
          siValue: 3
        , StackItem:
          siLigoDesc: elem b of int
          siValue: 2
        , StackItem:
          siLigoDesc: elem a of int
          siValue: 1
        , StackItem:
          siLigoDesc: elem s of int
          siValue: 0 ] ]
InterpretSnapshot:
  isStatus: running / expression evaluated (3 : int)
  isStackFrames:
    [ StackFrame:
      sfName: main
      sfLoc: test/contracts/tuple-with-size-five.mligo@4:27-4:36
      sfStack:
        [ StackItem:
          siLigoDesc: elem e of int
          siValue: 5
        , StackItem:
          siLigoDesc: elem d of int
          siValue: 4
        , StackItem:
          siLigoDesc: elem c of int
          siValue: 3
        , StackItem:
          siLigoDesc: elem b of int
          siValue: 2
        , StackItem:
          siLigoDesc: elem a of int
          siValue: 1
        , StackItem:
          siLigoDesc: elem s of int
          siValue: 0 ] ]
InterpretSnapshot:
  isStatus: running / expression evaluated (6 : int)
  isStackFrames:
    [ StackFrame:
      sfName: main
      sfLoc: test/contracts/tuple-with-size-five.mligo@4:27-4:40
      sfStack:
        [ StackItem:
          siLigoDesc: elem e of int
          siValue: 5
        , StackItem:
          siLigoDesc: elem d of int
          siValue: 4
        , StackItem:
          siLigoDesc: elem c of int
          siValue: 3
        , StackItem:
          siLigoDesc: elem b of int
          siValue: 2
        , StackItem:
          siLigoDesc: elem a of int
          siValue: 1
        , StackItem:
          siLigoDesc: elem s of int
          siValue: 0 ] ]
InterpretSnapshot:
  isStatus: running / expression evaluated (10 : int)
  isStackFrames:
    [ StackFrame:
      sfName: main
      sfLoc: test/contracts/tuple-with-size-five.mligo@4:27-4:44
      sfStack:
        [ StackItem:
          siLigoDesc: elem e of int
          siValue: 5
        , StackItem:
          siLigoDesc: elem d of int
          siValue: 4
        , StackItem:
          siLigoDesc: elem c of int
          siValue: 3
        , StackItem:
          siLigoDesc: elem b of int
          siValue: 2
        , StackItem:
          siLigoDesc: elem a of int
          siValue: 1
        , StackItem:
          siLigoDesc: elem s of int
          siValue: 0 ] ]
InterpretSnapshot:
  isStatus: running / expression evaluated (15 : int)
  isStackFrames:
    [ StackFrame:
      sfName: main
      sfLoc: test/contracts/tuple-with-size-five.mligo@4:27-4:48
      sfStack:
        [ StackItem:
          siLigoDesc: elem e of int
          siValue: 5
        , StackItem:
          siLigoDesc: elem d of int
          siValue: 4
        , StackItem:
          siLigoDesc: elem c of int
          siValue: 3
        , StackItem:
          siLigoDesc: elem b of int
          siValue: 2
        , StackItem:
          siLigoDesc: elem a of int
          siValue: 1
        , StackItem:
          siLigoDesc: elem s of int
          siValue: 0 ] ]
InterpretSnapshot:
  isStatus: running / upon expression
  isStackFrames:
    [ StackFrame:
      sfName: main
      sfLoc: test/contracts/tuple-with-size-five.mligo@4:4-4:25
      sfStack:
        [ StackItem:
          siLigoDesc: elem e of int
          siValue: 5
        , StackItem:
          siLigoDesc: elem d of int
          siValue: 4
        , StackItem:
          siLigoDesc: elem c of int
          siValue: 3
        , StackItem:
          siLigoDesc: elem b of int
          siValue: 2
        , StackItem:
          siLigoDesc: elem a of int
          siValue: 1
        , StackItem:
          siLigoDesc: elem s of int
          siValue: 0 ] ]
InterpretSnapshot:
  isStatus: running / expression evaluated ({ } : operation list)
  isStackFrames:
    [ StackFrame:
      sfName: main
      sfLoc: test/contracts/tuple-with-size-five.mligo@4:4-4:25
      sfStack:
        [ StackItem:
          siLigoDesc: elem e of int
          siValue: 5
        , StackItem:
          siLigoDesc: elem d of int
          siValue: 4
        , StackItem:
          siLigoDesc: elem c of int
          siValue: 3
        , StackItem:
          siLigoDesc: elem b of int
          siValue: 2
        , StackItem:
          siLigoDesc: elem a of int
          siValue: 1
        , StackItem:
          siLigoDesc: elem s of int
          siValue: 0 ] ]
InterpretSnapshot:
  isStatus: running / expression evaluated (Pair { } 15 : operation list * int)
  isStackFrames:
    [ StackFrame:
      sfName: main
      sfLoc: test/contracts/tuple-with-size-five.mligo@4:4-4:48
      sfStack:
        [ StackItem:
          siLigoDesc: elem e of int
          siValue: 5
        , StackItem:
          siLigoDesc: elem d of int
          siValue: 4
        , StackItem:
          siLigoDesc: elem c of int
          siValue: 3
        , StackItem:
          siLigoDesc: elem b of int
          siValue: 2
        , StackItem:
          siLigoDesc: elem a of int
          siValue: 1
        , StackItem:
          siLigoDesc: elem s of int
          siValue: 0 ] ]
InterpretSnapshot:
  isStatus: terminated ok
  isStackFrames:
    [ StackFrame:
      sfName: main
      sfLoc: test/contracts/tuple-with-size-five.mligo@4:4-4:48
      sfStack:
        [ StackItem:
          siLigoDesc: elem ? of 
          siValue: Pair { } 15
        , StackItem:
          siLigoDesc: elem ? of 
          siValue: 0 ] ]