InterpretSnapshot:
  isStatus: running / faced statement
  isStackFrames:
    [ StackFrame:
      sfName: main
      sfLoc: test/contracts/statement-in-match-branch.mligo@3:3-3:18
      sfStack:
        [ StackItem:
          siLigoDesc:
            elem s of int in test/contracts/statement-in-match-branch.mligo
          siValue: 0 ] ]
InterpretSnapshot:
  isStatus: running / upon function call
  isStackFrames:
    [ StackFrame:
      sfName: main
      sfLoc: test/contracts/statement-in-match-branch.mligo@3:11-3:18
      sfStack:
        [ StackItem:
          siLigoDesc:
            elem s of int in test/contracts/statement-in-match-branch.mligo
          siValue: 0 ] ]
InterpretSnapshot:
  isStatus: running / faced statement
  isStackFrames:
    [ StackFrame:
      sfName: main
      sfLoc: test/contracts/statement-in-match-branch.mligo@4:3-7:16
      sfStack:
        [ StackItem:
          siLigoDesc:
            elem a of (None of (unit) | Some of (int)) in test/contracts/statement-in-match-branch.mligo
          siValue: Some 42
        , StackItem:
          siLigoDesc:
            elem s of int in test/contracts/statement-in-match-branch.mligo
          siValue: 0 ] ]
InterpretSnapshot:
  isStatus: running / faced statement
  isStackFrames:
    [ StackFrame:
      sfName: main
      sfLoc: test/contracts/statement-in-match-branch.mligo@5:11-5:12
      sfStack:
        [ StackItem:
          siLigoDesc:
            elem a of (None of (unit) | Some of (int)) in test/contracts/statement-in-match-branch.mligo
          siValue: Some 42
        , StackItem:
          siLigoDesc:
            elem s of int in test/contracts/statement-in-match-branch.mligo
          siValue: 0 ] ]
InterpretSnapshot:
  isStatus: running / faced statement
  isStackFrames:
    [ StackFrame:
      sfName: main
      sfLoc: test/contracts/statement-in-match-branch.mligo@6:17-6:22
      sfStack:
        [ StackItem:
          siLigoDesc:
            elem a of (None of (unit) | Some of (int)) in test/contracts/statement-in-match-branch.mligo
          siValue: Some 42
        , StackItem:
          siLigoDesc:
            elem x of int in test/contracts/statement-in-match-branch.mligo
          siValue: 42
        , StackItem:
          siLigoDesc:
            elem s of int in test/contracts/statement-in-match-branch.mligo
          siValue: 0 ] ]
InterpretSnapshot:
  isStatus: running / faced statement
  isStackFrames:
    [ StackFrame:
      sfName: main
      sfLoc: test/contracts/statement-in-match-branch.mligo@8:6-8:32
      sfStack:
        [ StackItem:
          siLigoDesc:
            elem a of (None of (unit) | Some of (int)) in test/contracts/statement-in-match-branch.mligo
          siValue: Some 42
        , StackItem:
          siLigoDesc:
            elem s of int in test/contracts/statement-in-match-branch.mligo
          siValue: 0
        , StackItem:
          siLigoDesc:
            elem b of int in test/contracts/statement-in-match-branch.mligo
          siValue: 42 ] ]
InterpretSnapshot:
  isStatus: terminated ok
  isStackFrames:
    [ StackFrame:
      sfName: main
      sfLoc: test/contracts/statement-in-match-branch.mligo@8:7-8:31
      sfStack:
        [ StackItem:
          siLigoDesc: elem ? of  in #generated
          siValue: Pair { } 42
        , StackItem:
          siLigoDesc: elem ? of  in #generated
          siValue: 0 ] ]