InterpretSnapshot:
  isStatus: running / faced statement
  isStackFrames:
    [ StackFrame:
      sfName: main
      sfLoc: test/contracts/statements-in-case-branch.jsligo@2:3-2:13
      sfStack:
        [ StackItem:
          siLigoDesc: elem s of int
          siValue: 0
        , StackItem:
          siLigoDesc: elem p of string
          siValue: "Variant1" ] ]
InterpretSnapshot:
  isStatus: running / faced statement
  isStackFrames:
    [ StackFrame:
      sfName: main
      sfLoc: test/contracts/statements-in-case-branch.jsligo@3:10-3:11
      sfStack:
        [ StackItem:
          siLigoDesc: elem ? of (False of (unit) | True of (unit))
          siValue: False
        , StackItem:
          siLigoDesc: elem s2 of int
          siValue: 0
        , StackItem:
          siLigoDesc: elem s of int
          siValue: 0
        , StackItem:
          siLigoDesc: elem p of string
          siValue: "Variant1" ] ]
InterpretSnapshot:
  isStatus: running / faced statement
  isStackFrames:
    [ StackFrame:
      sfName: main
      sfLoc: test/contracts/statements-in-case-branch.jsligo@5:7-5:18
      sfStack:
        [ StackItem:
          siLigoDesc: elem ? of (False of (unit) | True of (unit))
          siValue: True
        , StackItem:
          siLigoDesc: elem ? of (False of (unit) | True of (unit))
          siValue: False
        , StackItem:
          siLigoDesc: elem s2 of int
          siValue: 0
        , StackItem:
          siLigoDesc: elem s of int
          siValue: 0
        , StackItem:
          siLigoDesc: elem p of string
          siValue: "Variant1" ] ]
InterpretSnapshot:
  isStatus: running / faced statement
  isStackFrames:
    [ StackFrame:
      sfName: main
      sfLoc: test/contracts/statements-in-case-branch.jsligo@12:3-12:49
      sfStack:
        [ StackItem:
          siLigoDesc: elem s2 of int
          siValue: 42
        , StackItem:
          siLigoDesc: elem s of int
          siValue: 0 ] ]
InterpretSnapshot:
  isStatus: terminated ok
  isStackFrames:
    [ StackFrame:
      sfName: main
      sfLoc: test/contracts/statements-in-case-branch.jsligo@12:12-12:39
      sfStack:
        [ StackItem:
          siLigoDesc: elem ? of 
          siValue: Pair { } 42
        , StackItem:
          siLigoDesc: elem ? of 
          siValue: 0 ] ]