InterpretSnapshot:
  isStatus: running / faced statement
  isStackFrames:
    [StackFrame:
      sfName: main
      sfLoc: test/contracts/constant_as_statement.mligo:13:2-13:32
      sfStack:
        [StackItem:
          siLigoDesc: elem s of int
          siValue: 0
        , StackItem:
          siLigoDesc: elem get_const of unit -> int
          siValue: { PUSH int 10; PAIR; { CAR; {  }; {  } } }
        , StackItem:
          siLigoDesc: elem get_verbatim of unit -> string
          siValue: { DROP; { PUSH string "100" } }
        , StackItem:
          siLigoDesc: elem get_val of unit -> int
          siValue: { DROP; { PUSH int 42 } }
        , StackItem:
          siLigoDesc: elem length of string -> nat
          siValue: { {  }; { {  }; SIZE } }
        ]
    ]

InterpretSnapshot:
  isStatus: running / upon function call
  isStackFrames:
    [StackFrame:
      sfName: main
      sfLoc: test/contracts/constant_as_statement.mligo:13:17-13:32
      sfStack:
        [StackItem:
          siLigoDesc: elem s of int
          siValue: 0
        , StackItem:
          siLigoDesc: elem get_const of unit -> int
          siValue: { PUSH int 10; PAIR; { CAR; {  }; {  } } }
        , StackItem:
          siLigoDesc: elem get_verbatim of unit -> string
          siValue: { DROP; { PUSH string "100" } }
        , StackItem:
          siLigoDesc: elem get_val of unit -> int
          siValue: { DROP; { PUSH int 42 } }
        , StackItem:
          siLigoDesc: elem length of string -> nat
          siValue: { {  }; { {  }; SIZE } }
        ]
    ]

InterpretSnapshot:
  isStatus: running / faced statement
  isStackFrames:
    [StackFrame:
      sfName: main
      sfLoc: test/contracts/constant_as_statement.mligo:14:2-17:16
      sfStack:
        [StackItem:
          siLigoDesc: elem some_int of (Some of (int) | None of (unit))
          siValue: Some 993
        , StackItem:
          siLigoDesc: elem s of int
          siValue: 0
        , StackItem:
          siLigoDesc: elem get_const of unit -> int
          siValue: { PUSH int 10; PAIR; { CAR; {  }; {  } } }
        , StackItem:
          siLigoDesc: elem get_verbatim of unit -> string
          siValue: { DROP; { PUSH string "100" } }
        , StackItem:
          siLigoDesc: elem get_val of unit -> int
          siValue: { DROP; { PUSH int 42 } }
        , StackItem:
          siLigoDesc: elem length of string -> nat
          siValue: { {  }; { {  }; SIZE } }
        ]
    ]

InterpretSnapshot:
  isStatus: running / faced statement
  isStackFrames:
    [StackFrame:
      sfName: main
      sfLoc: test/contracts/constant_as_statement.mligo:15:10-15:18
      sfStack:
        [StackItem:
          siLigoDesc: elem some_int of (Some of (int) | None of (unit))
          siValue: Some 993
        , StackItem:
          siLigoDesc: elem s of int
          siValue: 0
        , StackItem:
          siLigoDesc: elem get_const of unit -> int
          siValue: { PUSH int 10; PAIR; { CAR; {  }; {  } } }
        , StackItem:
          siLigoDesc: elem get_verbatim of unit -> string
          siValue: { DROP; { PUSH string "100" } }
        , StackItem:
          siLigoDesc: elem get_val of unit -> int
          siValue: { DROP; { PUSH int 42 } }
        , StackItem:
          siLigoDesc: elem length of string -> nat
          siValue: { {  }; { {  }; SIZE } }
        ]
    ]

InterpretSnapshot:
  isStatus: running / faced statement
  isStackFrames:
    [StackFrame:
      sfName: main
      sfLoc: test/contracts/constant_as_statement.mligo:16:16-16:19
      sfStack:
        [StackItem:
          siLigoDesc: elem s of int
          siValue: 0
        , StackItem:
          siLigoDesc: elem get_const of unit -> int
          siValue: { PUSH int 10; PAIR; { CAR; {  }; {  } } }
        , StackItem:
          siLigoDesc: elem get_verbatim of unit -> string
          siValue: { DROP; { PUSH string "100" } }
        , StackItem:
          siLigoDesc: elem get_val of unit -> int
          siValue: { DROP; { PUSH int 42 } }
        , StackItem:
          siLigoDesc: elem length of string -> nat
          siValue: { {  }; { {  }; SIZE } }
        ]
    ]

InterpretSnapshot:
  isStatus: running / faced statement
  isStackFrames:
    [StackFrame:
      sfName: main
      sfLoc: test/contracts/constant_as_statement.mligo:19:2-19:12
      sfStack:
        [StackItem:
          siLigoDesc: elem res of int
          siValue: 100
        , StackItem:
          siLigoDesc: elem s of int
          siValue: 0
        , StackItem:
          siLigoDesc: elem get_const of unit -> int
          siValue: { PUSH int 10; PAIR; { CAR; {  }; {  } } }
        , StackItem:
          siLigoDesc: elem get_verbatim of unit -> string
          siValue: { DROP; { PUSH string "100" } }
        , StackItem:
          siLigoDesc: elem get_val of unit -> int
          siValue: { DROP; { PUSH int 42 } }
        , StackItem:
          siLigoDesc: elem length of string -> nat
          siValue: { {  }; { {  }; SIZE } }
        ]
    ]

InterpretSnapshot:
  isStatus: running / faced statement
  isStackFrames:
    [StackFrame:
      sfName: main
      sfLoc: test/contracts/constant_as_statement.mligo:20:2-20:96
      sfStack:
        [StackItem:
          siLigoDesc: elem y of int
          siValue: 12
        , StackItem:
          siLigoDesc: elem res of int
          siValue: 100
        , StackItem:
          siLigoDesc: elem s of int
          siValue: 0
        , StackItem:
          siLigoDesc: elem get_const of unit -> int
          siValue: { PUSH int 10; PAIR; { CAR; {  }; {  } } }
        , StackItem:
          siLigoDesc: elem get_verbatim of unit -> string
          siValue: { DROP; { PUSH string "100" } }
        , StackItem:
          siLigoDesc: elem get_val of unit -> int
          siValue: { DROP; { PUSH int 42 } }
        , StackItem:
          siLigoDesc: elem length of string -> nat
          siValue: { {  }; { {  }; SIZE } }
        ]
    ]

InterpretSnapshot:
  isStatus: running / upon function call
  isStackFrames:
    [StackFrame:
      sfName: main
      sfLoc: test/contracts/constant_as_statement.mligo:20:84-20:95
      sfStack:
        [StackItem:
          siLigoDesc: elem y of int
          siValue: 12
        , StackItem:
          siLigoDesc: elem res of int
          siValue: 100
        , StackItem:
          siLigoDesc: elem s of int
          siValue: 0
        , StackItem:
          siLigoDesc: elem get_const of unit -> int
          siValue: { PUSH int 10; PAIR; { CAR; {  }; {  } } }
        , StackItem:
          siLigoDesc: elem get_verbatim of unit -> string
          siValue: { DROP; { PUSH string "100" } }
        , StackItem:
          siLigoDesc: elem get_val of unit -> int
          siValue: { DROP; { PUSH int 42 } }
        , StackItem:
          siLigoDesc: elem length of string -> nat
          siValue: { {  }; { {  }; SIZE } }
        ]
    ]

InterpretSnapshot:
  isStatus: running / faced statement
  isStackFrames:
    [StackFrame:
      sfName: get_const
      sfLoc: test/contracts/constant_as_statement.mligo:10:19-10:34
      sfStack:
        [StackItem:
          siLigoDesc: elem some_const of int
          siValue: 10
        ]
    , StackFrame:
      sfName: main
      sfLoc: test/contracts/constant_as_statement.mligo:20:84-20:95
      sfStack:
        [StackItem:
          siLigoDesc: elem y of int
          siValue: 12
        , StackItem:
          siLigoDesc: elem res of int
          siValue: 100
        , StackItem:
          siLigoDesc: elem s of int
          siValue: 0
        , StackItem:
          siLigoDesc: elem get_const of unit -> int
          siValue: { PUSH int 10; PAIR; { CAR; {  }; {  } } }
        , StackItem:
          siLigoDesc: elem get_verbatim of unit -> string
          siValue: { DROP; { PUSH string "100" } }
        , StackItem:
          siLigoDesc: elem get_val of unit -> int
          siValue: { DROP; { PUSH int 42 } }
        , StackItem:
          siLigoDesc: elem length of string -> nat
          siValue: { {  }; { {  }; SIZE } }
        ]
    ]

InterpretSnapshot:
  isStatus: running / upon function call
  isStackFrames:
    [StackFrame:
      sfName: main
      sfLoc: test/contracts/constant_as_statement.mligo:20:52-20:81
      sfStack:
        [StackItem:
          siLigoDesc: elem y of int
          siValue: 12
        , StackItem:
          siLigoDesc: elem res of int
          siValue: 100
        , StackItem:
          siLigoDesc: elem s of int
          siValue: 0
        , StackItem:
          siLigoDesc: elem get_const of unit -> int
          siValue: { PUSH int 10; PAIR; { CAR; {  }; {  } } }
        , StackItem:
          siLigoDesc: elem get_verbatim of unit -> string
          siValue: { DROP; { PUSH string "100" } }
        , StackItem:
          siLigoDesc: elem get_val of unit -> int
          siValue: { DROP; { PUSH int 42 } }
        , StackItem:
          siLigoDesc: elem length of string -> nat
          siValue: { {  }; { {  }; SIZE } }
        ]
    ]

InterpretSnapshot:
  isStatus: running / upon function call
  isStackFrames:
    [StackFrame:
      sfName: main
      sfLoc: test/contracts/constant_as_statement.mligo:20:66-20:80
      sfStack:
        [StackItem:
          siLigoDesc: elem y of int
          siValue: 12
        , StackItem:
          siLigoDesc: elem res of int
          siValue: 100
        , StackItem:
          siLigoDesc: elem s of int
          siValue: 0
        , StackItem:
          siLigoDesc: elem get_const of unit -> int
          siValue: { PUSH int 10; PAIR; { CAR; {  }; {  } } }
        , StackItem:
          siLigoDesc: elem get_verbatim of unit -> string
          siValue: { DROP; { PUSH string "100" } }
        , StackItem:
          siLigoDesc: elem get_val of unit -> int
          siValue: { DROP; { PUSH int 42 } }
        , StackItem:
          siLigoDesc: elem length of string -> nat
          siValue: { {  }; { {  }; SIZE } }
        ]
    ]

InterpretSnapshot:
  isStatus: running / faced statement
  isStackFrames:
    [StackFrame:
      sfName: get_verbatim
      sfLoc: test/contracts/constant_as_statement.mligo:8:22-8:29
      sfStack: []
    , StackFrame:
      sfName: main
      sfLoc: test/contracts/constant_as_statement.mligo:20:66-20:80
      sfStack:
        [StackItem:
          siLigoDesc: elem y of int
          siValue: 12
        , StackItem:
          siLigoDesc: elem res of int
          siValue: 100
        , StackItem:
          siLigoDesc: elem s of int
          siValue: 0
        , StackItem:
          siLigoDesc: elem get_const of unit -> int
          siValue: { PUSH int 10; PAIR; { CAR; {  }; {  } } }
        , StackItem:
          siLigoDesc: elem get_verbatim of unit -> string
          siValue: { DROP; { PUSH string "100" } }
        , StackItem:
          siLigoDesc: elem get_val of unit -> int
          siValue: { DROP; { PUSH int 42 } }
        , StackItem:
          siLigoDesc: elem length of string -> nat
          siValue: { {  }; { {  }; SIZE } }
        ]
    ]

InterpretSnapshot:
  isStatus: running / upon function call
  isStackFrames:
    [StackFrame:
      sfName: main
      sfLoc: test/contracts/constant_as_statement.mligo:20:40-20:49
      sfStack:
        [StackItem:
          siLigoDesc: elem y of int
          siValue: 12
        , StackItem:
          siLigoDesc: elem res of int
          siValue: 100
        , StackItem:
          siLigoDesc: elem s of int
          siValue: 0
        , StackItem:
          siLigoDesc: elem get_const of unit -> int
          siValue: { PUSH int 10; PAIR; { CAR; {  }; {  } } }
        , StackItem:
          siLigoDesc: elem get_verbatim of unit -> string
          siValue: { DROP; { PUSH string "100" } }
        , StackItem:
          siLigoDesc: elem get_val of unit -> int
          siValue: { DROP; { PUSH int 42 } }
        , StackItem:
          siLigoDesc: elem length of string -> nat
          siValue: { {  }; { {  }; SIZE } }
        ]
    ]

InterpretSnapshot:
  isStatus: running / faced statement
  isStackFrames:
    [StackFrame:
      sfName: get_val
      sfLoc: test/contracts/constant_as_statement.mligo:6:17-6:19
      sfStack: []
    , StackFrame:
      sfName: main
      sfLoc: test/contracts/constant_as_statement.mligo:20:40-20:49
      sfStack:
        [StackItem:
          siLigoDesc: elem y of int
          siValue: 12
        , StackItem:
          siLigoDesc: elem res of int
          siValue: 100
        , StackItem:
          siLigoDesc: elem s of int
          siValue: 0
        , StackItem:
          siLigoDesc: elem get_const of unit -> int
          siValue: { PUSH int 10; PAIR; { CAR; {  }; {  } } }
        , StackItem:
          siLigoDesc: elem get_verbatim of unit -> string
          siValue: { DROP; { PUSH string "100" } }
        , StackItem:
          siLigoDesc: elem get_val of unit -> int
          siValue: { DROP; { PUSH int 42 } }
        , StackItem:
          siLigoDesc: elem length of string -> nat
          siValue: { {  }; { {  }; SIZE } }
        ]
    ]

InterpretSnapshot:
  isStatus: terminated ok
  isStackFrames:
    [StackFrame:
      sfName: main
      sfLoc: test/contracts/constant_as_statement.mligo:20:3-20:95
      sfStack:
        [StackItem:
          siLigoDesc: <hidden elem>
          siValue: Pair { } 167
        , StackItem:
          siLigoDesc: <hidden elem>
          siValue: 0
        ]
    ]
