InterpretSnapshot:
  isStatus: running / faced statement
  isStackFrames:
    [StackFrame:
      sfName: main
      sfLoc: test/contracts/local-function-assignments.mligo:2:2-2:42
      sfStack:
        [StackItem:
          siLigoDesc: elem s of int
          siValue: 0
        ]
    ]

InterpretSnapshot:
  isStatus: running / faced statement
  isStackFrames:
    [StackFrame:
      sfName: main
      sfLoc: test/contracts/local-function-assignments.mligo:3:2-3:24
      sfStack:
        [StackItem:
          siLigoDesc: elem foo of int * int -> int
          siValue: { {  }; { {  }; {  }; { {  }; UNPAIR; {  }; { {  }; { SWAP; {  }; { {  }; { SWAP }; ADD } } } } } }
        , StackItem:
          siLigoDesc: elem s of int
          siValue: 0
        ]
    ]

InterpretSnapshot:
  isStatus: running / upon function call
  isStackFrames:
    [StackFrame:
      sfName: main
      sfLoc: test/contracts/local-function-assignments.mligo:3:11-3:24
      sfStack:
        [StackItem:
          siLigoDesc: elem foo of int * int -> int
          siValue: { {  }; { {  }; {  }; { {  }; UNPAIR; {  }; { {  }; { SWAP; {  }; { {  }; { SWAP }; ADD } } } } } }
        , StackItem:
          siLigoDesc: elem s of int
          siValue: 0
        ]
    ]

InterpretSnapshot:
  isStatus: running / faced statement
  isStackFrames:
    [StackFrame:
      sfName: foo
      sfLoc: test/contracts/local-function-assignments.mligo:2:37-2:42
      sfStack:
        [StackItem:
          siLigoDesc: elem ? of int * int
          siValue: Pair 0 2
        ]
    , StackFrame:
      sfName: main
      sfLoc: test/contracts/local-function-assignments.mligo:3:15-3:23
      sfStack:
        [StackItem:
          siLigoDesc: elem foo of int * int -> int
          siValue: { {  }; { {  }; {  }; { {  }; UNPAIR; {  }; { {  }; { SWAP; {  }; { {  }; { SWAP }; ADD } } } } } }
        , StackItem:
          siLigoDesc: elem s of int
          siValue: 0
        ]
    ]

InterpretSnapshot:
  isStatus: running / faced statement
  isStackFrames:
    [StackFrame:
      sfName: main
      sfLoc: test/contracts/local-function-assignments.mligo:4:2-4:43
      sfStack:
        [StackItem:
          siLigoDesc: elem s1 of int
          siValue: 2
        , StackItem:
          siLigoDesc: elem s of int
          siValue: 0
        ]
    ]

InterpretSnapshot:
  isStatus: running / faced statement
  isStackFrames:
    [StackFrame:
      sfName: main
      sfLoc: test/contracts/local-function-assignments.mligo:5:2-5:24
      sfStack:
        [StackItem:
          siLigoDesc: elem bar of int -> int -> int
          siValue: { {  }; UNPAIR; {  }; {  }; SWAP; {  }; { {  }; { SWAP }; SUB } }
        , StackItem:
          siLigoDesc: elem s1 of int
          siValue: 2
        , StackItem:
          siLigoDesc: elem s of int
          siValue: 0
        ]
    ]

InterpretSnapshot:
  isStatus: running / upon function call
  isStackFrames:
    [StackFrame:
      sfName: main
      sfLoc: test/contracts/local-function-assignments.mligo:5:11-5:24
      sfStack:
        [StackItem:
          siLigoDesc: elem bar of int -> int -> int
          siValue: { {  }; UNPAIR; {  }; {  }; SWAP; {  }; { {  }; { SWAP }; SUB } }
        , StackItem:
          siLigoDesc: elem s1 of int
          siValue: 2
        , StackItem:
          siLigoDesc: elem s of int
          siValue: 0
        ]
    ]

InterpretSnapshot:
  isStatus: running / faced statement
  isStackFrames:
    [StackFrame:
      sfName: bar
      sfLoc: test/contracts/local-function-assignments.mligo:4:38-4:43
      sfStack:
        [StackItem:
          siLigoDesc: elem b of int
          siValue: -2
        , StackItem:
          siLigoDesc: elem a of int
          siValue: 0
        ]
    , StackFrame:
      sfName: main
      sfLoc: test/contracts/local-function-assignments.mligo:5:18-5:23
      sfStack:
        [StackItem:
          siLigoDesc: elem bar of int -> int -> int
          siValue: { {  }; UNPAIR; {  }; {  }; SWAP; {  }; { {  }; { SWAP }; SUB } }
        , StackItem:
          siLigoDesc: elem s1 of int
          siValue: 2
        , StackItem:
          siLigoDesc: elem s of int
          siValue: 0
        ]
    ]

InterpretSnapshot:
  isStatus: running / faced statement
  isStackFrames:
    [StackFrame:
      sfName: main
      sfLoc: test/contracts/local-function-assignments.mligo:6:2-6:56
      sfStack:
        [StackItem:
          siLigoDesc: elem s2 of int
          siValue: 2
        , StackItem:
          siLigoDesc: elem s1 of int
          siValue: 2
        , StackItem:
          siLigoDesc: elem s of int
          siValue: 0
        ]
    ]

InterpretSnapshot:
  isStatus: running / faced statement
  isStackFrames:
    [StackFrame:
      sfName: main
      sfLoc: test/contracts/local-function-assignments.mligo:7:2-7:25
      sfStack:
        [StackItem:
          siLigoDesc: elem baz of int -> int * int -> int
          siValue: { {  }; UNPAIR; {  }; {  }; SWAP; {  }; { {  }; {  }; { {  }; UNPAIR; {  }; { {  }; { SWAP; {  }; { { {  }; { SWAP }; MUL }; { SWAP }; ADD } } } } } }
        , StackItem:
          siLigoDesc: elem s2 of int
          siValue: 2
        , StackItem:
          siLigoDesc: elem s1 of int
          siValue: 2
        , StackItem:
          siLigoDesc: elem s of int
          siValue: 0
        ]
    ]

InterpretSnapshot:
  isStatus: running / upon function call
  isStackFrames:
    [StackFrame:
      sfName: main
      sfLoc: test/contracts/local-function-assignments.mligo:7:11-7:25
      sfStack:
        [StackItem:
          siLigoDesc: elem baz of int -> int * int -> int
          siValue: { {  }; UNPAIR; {  }; {  }; SWAP; {  }; { {  }; {  }; { {  }; UNPAIR; {  }; { {  }; { SWAP; {  }; { { {  }; { SWAP }; MUL }; { SWAP }; ADD } } } } } }
        , StackItem:
          siLigoDesc: elem s2 of int
          siValue: 2
        , StackItem:
          siLigoDesc: elem s1 of int
          siValue: 2
        , StackItem:
          siLigoDesc: elem s of int
          siValue: 0
        ]
    ]

InterpretSnapshot:
  isStatus: running / faced statement
  isStackFrames:
    [StackFrame:
      sfName: baz
      sfLoc: test/contracts/local-function-assignments.mligo:6:47-6:56
      sfStack:
        [StackItem:
          siLigoDesc: elem ? of int * int
          siValue: Pair 2 0
        , StackItem:
          siLigoDesc: elem a of int
          siValue: 2
        ]
    , StackFrame:
      sfName: main
      sfLoc: test/contracts/local-function-assignments.mligo:7:19-7:24
      sfStack:
        [StackItem:
          siLigoDesc: elem baz of int -> int * int -> int
          siValue: { {  }; UNPAIR; {  }; {  }; SWAP; {  }; { {  }; {  }; { {  }; UNPAIR; {  }; { {  }; { SWAP; {  }; { { {  }; { SWAP }; MUL }; { SWAP }; ADD } } } } } }
        , StackItem:
          siLigoDesc: elem s2 of int
          siValue: 2
        , StackItem:
          siLigoDesc: elem s1 of int
          siValue: 2
        , StackItem:
          siLigoDesc: elem s of int
          siValue: 0
        ]
    ]

InterpretSnapshot:
  isStatus: running / faced statement
  isStackFrames:
    [StackFrame:
      sfName: main
      sfLoc: test/contracts/local-function-assignments.mligo:8:2-8:39
      sfStack:
        [StackItem:
          siLigoDesc: elem s3 of int
          siValue: 2
        , StackItem:
          siLigoDesc: elem s2 of int
          siValue: 2
        , StackItem:
          siLigoDesc: elem s1 of int
          siValue: 2
        ]
    ]

InterpretSnapshot:
  isStatus: terminated ok
  isStackFrames:
    [StackFrame:
      sfName: main
      sfLoc: test/contracts/local-function-assignments.mligo:8:3-8:38
      sfStack:
        [StackItem:
          siLigoDesc: <hidden elem>
          siValue: Pair { } 6
        , StackItem:
          siLigoDesc: <hidden elem>
          siValue: 0
        ]
    ]
