InterpretSnapshot:
  isStatus: running / faced statement
  isStackFrames:
    [ StackFrame:
      sfName: main
      sfLoc: test/contracts/local-function-assignments.mligo@3:3-3:43
      sfStack:
        [ StackItem:
          siLigoDesc: elem s of int
          siValue: 0 ]
    , StackFrame:
      sfName: main
      sfLoc: test/contracts/local-function-assignments.mligo@1:1-1:1
      sfStack:
        [ StackItem:
          siLigoDesc: elem ? of int
          siValue: 0
        , StackItem:
          siLigoDesc: elem ? of unit
          siValue: Unit
        , StackItem:
          siLigoDesc: elem main of unit -> int -> operation list * int
          siValue:
            { DROP;
              LAMBDA
                int
                (pair (list operation) int)
                { {  };
                  { { LAMBDA
                        (pair int int)
                        int
                        { {  };
                          {  };
                          UNPAIR;
                          {  };
                          {  };
                          SWAP;
                          {  };
                          SWAP;
                          {  };
                          SWAP;
                          {  };
                          { {  }; { SWAP }; ADD } } };
                    {  };
                    { { { { { PUSH int 2 }; { DUP 3 }; ADD }; { DUP 3 }; PAIR };
                        { SWAP };
                        SWAP;
                        EXEC };
                      {  };
                      { { LAMBDA
                            (pair int int)
                            int
                            { {  };
                              UNPAIR;
                              {  };
                              {  };
                              SWAP;
                              {  };
                              { {  }; { SWAP }; SUB } } };
                        {  };
                        { { { { PUSH int 2 }; { DUP 4 }; SUB };
                            { DUP 4 };
                            PAIR;
                            { SWAP };
                            SWAP;
                            EXEC };
                          {  };
                          { { LAMBDA
                                (pair int int int)
                                int
                                { {  };
                                  UNPAIR;
                                  {  };
                                  {  };
                                  SWAP;
                                  {  };
                                  {  };
                                  UNPAIR;
                                  {  };
                                  {  };
                                  SWAP;
                                  {  };
                                  SWAP;
                                  {  };
                                  SWAP;
                                  {  };
                                  { { {  }; { SWAP }; MUL };
                                    { SWAP };
                                    ADD } } };
                            {  };
                            { { { { DIG 3 }; { DUP 3 }; PAIR };
                                { DUP 4 };
                                PAIR;
                                { SWAP };
                                SWAP;
                                EXEC };
                              {  };
                              { { {  }; { { SWAP }; { DIG 2 }; ADD }; ADD };
                                { NIL operation };
                                PAIR } } } } } } } } } ] ]
InterpretSnapshot:
  isStatus: running / faced statement
  isStackFrames:
    [ StackFrame:
      sfName: main
      sfLoc: test/contracts/local-function-assignments.mligo@4:3-4:25
      sfStack:
        [ StackItem:
          siLigoDesc: elem foo of int * int -> int
          siValue:
            { {  };
              {  };
              UNPAIR;
              {  };
              {  };
              SWAP;
              {  };
              SWAP;
              {  };
              SWAP;
              {  };
              { {  }; { SWAP }; ADD } }
        , StackItem:
          siLigoDesc: elem s of int
          siValue: 0 ]
    , StackFrame:
      sfName: main
      sfLoc: test/contracts/local-function-assignments.mligo@1:1-1:1
      sfStack:
        [ StackItem:
          siLigoDesc: elem ? of int
          siValue: 0
        , StackItem:
          siLigoDesc: elem ? of unit
          siValue: Unit
        , StackItem:
          siLigoDesc: elem main of unit -> int -> operation list * int
          siValue:
            { DROP;
              LAMBDA
                int
                (pair (list operation) int)
                { {  };
                  { { LAMBDA
                        (pair int int)
                        int
                        { {  };
                          {  };
                          UNPAIR;
                          {  };
                          {  };
                          SWAP;
                          {  };
                          SWAP;
                          {  };
                          SWAP;
                          {  };
                          { {  }; { SWAP }; ADD } } };
                    {  };
                    { { { { { PUSH int 2 }; { DUP 3 }; ADD }; { DUP 3 }; PAIR };
                        { SWAP };
                        SWAP;
                        EXEC };
                      {  };
                      { { LAMBDA
                            (pair int int)
                            int
                            { {  };
                              UNPAIR;
                              {  };
                              {  };
                              SWAP;
                              {  };
                              { {  }; { SWAP }; SUB } } };
                        {  };
                        { { { { PUSH int 2 }; { DUP 4 }; SUB };
                            { DUP 4 };
                            PAIR;
                            { SWAP };
                            SWAP;
                            EXEC };
                          {  };
                          { { LAMBDA
                                (pair int int int)
                                int
                                { {  };
                                  UNPAIR;
                                  {  };
                                  {  };
                                  SWAP;
                                  {  };
                                  {  };
                                  UNPAIR;
                                  {  };
                                  {  };
                                  SWAP;
                                  {  };
                                  SWAP;
                                  {  };
                                  SWAP;
                                  {  };
                                  { { {  }; { SWAP }; MUL };
                                    { SWAP };
                                    ADD } } };
                            {  };
                            { { { { DIG 3 }; { DUP 3 }; PAIR };
                                { DUP 4 };
                                PAIR;
                                { SWAP };
                                SWAP;
                                EXEC };
                              {  };
                              { { {  }; { { SWAP }; { DIG 2 }; ADD }; ADD };
                                { NIL operation };
                                PAIR } } } } } } } } } ] ]
InterpretSnapshot:
  isStatus: running / upon function call
  isStackFrames:
    [ StackFrame:
      sfName: main
      sfLoc: test/contracts/local-function-assignments.mligo@4:12-4:25
      sfStack:
        [ StackItem:
          siLigoDesc: elem foo of int * int -> int
          siValue:
            { {  };
              {  };
              UNPAIR;
              {  };
              {  };
              SWAP;
              {  };
              SWAP;
              {  };
              SWAP;
              {  };
              { {  }; { SWAP }; ADD } }
        , StackItem:
          siLigoDesc: elem s of int
          siValue: 0 ]
    , StackFrame:
      sfName: main
      sfLoc: test/contracts/local-function-assignments.mligo@1:1-1:1
      sfStack:
        [ StackItem:
          siLigoDesc: elem ? of int
          siValue: 0
        , StackItem:
          siLigoDesc: elem ? of unit
          siValue: Unit
        , StackItem:
          siLigoDesc: elem main of unit -> int -> operation list * int
          siValue:
            { DROP;
              LAMBDA
                int
                (pair (list operation) int)
                { {  };
                  { { LAMBDA
                        (pair int int)
                        int
                        { {  };
                          {  };
                          UNPAIR;
                          {  };
                          {  };
                          SWAP;
                          {  };
                          SWAP;
                          {  };
                          SWAP;
                          {  };
                          { {  }; { SWAP }; ADD } } };
                    {  };
                    { { { { { PUSH int 2 }; { DUP 3 }; ADD }; { DUP 3 }; PAIR };
                        { SWAP };
                        SWAP;
                        EXEC };
                      {  };
                      { { LAMBDA
                            (pair int int)
                            int
                            { {  };
                              UNPAIR;
                              {  };
                              {  };
                              SWAP;
                              {  };
                              { {  }; { SWAP }; SUB } } };
                        {  };
                        { { { { PUSH int 2 }; { DUP 4 }; SUB };
                            { DUP 4 };
                            PAIR;
                            { SWAP };
                            SWAP;
                            EXEC };
                          {  };
                          { { LAMBDA
                                (pair int int int)
                                int
                                { {  };
                                  UNPAIR;
                                  {  };
                                  {  };
                                  SWAP;
                                  {  };
                                  {  };
                                  UNPAIR;
                                  {  };
                                  {  };
                                  SWAP;
                                  {  };
                                  SWAP;
                                  {  };
                                  SWAP;
                                  {  };
                                  { { {  }; { SWAP }; MUL };
                                    { SWAP };
                                    ADD } } };
                            {  };
                            { { { { DIG 3 }; { DUP 3 }; PAIR };
                                { DUP 4 };
                                PAIR;
                                { SWAP };
                                SWAP;
                                EXEC };
                              {  };
                              { { {  }; { { SWAP }; { DIG 2 }; ADD }; ADD };
                                { NIL operation };
                                PAIR } } } } } } } } } ] ]
InterpretSnapshot:
  isStatus: running / faced statement
  isStackFrames:
    [ StackFrame:
      sfName: foo
      sfLoc: test/contracts/local-function-assignments.mligo@3:38-3:43
      sfStack:
        [ StackItem:
          siLigoDesc: elem b of int
          siValue: 2
        , StackItem:
          siLigoDesc: elem a of int
          siValue: 0 ]
    , StackFrame:
      sfName: main
      sfLoc: test/contracts/local-function-assignments.mligo@4:16-4:24
      sfStack:
        [ StackItem:
          siLigoDesc: elem foo of int * int -> int
          siValue:
            { {  };
              {  };
              UNPAIR;
              {  };
              {  };
              SWAP;
              {  };
              SWAP;
              {  };
              SWAP;
              {  };
              { {  }; { SWAP }; ADD } }
        , StackItem:
          siLigoDesc: elem s of int
          siValue: 0 ]
    , StackFrame:
      sfName: main
      sfLoc: test/contracts/local-function-assignments.mligo@1:1-1:1
      sfStack:
        [ StackItem:
          siLigoDesc: elem ? of int
          siValue: 0
        , StackItem:
          siLigoDesc: elem ? of unit
          siValue: Unit
        , StackItem:
          siLigoDesc: elem main of unit -> int -> operation list * int
          siValue:
            { DROP;
              LAMBDA
                int
                (pair (list operation) int)
                { {  };
                  { { LAMBDA
                        (pair int int)
                        int
                        { {  };
                          {  };
                          UNPAIR;
                          {  };
                          {  };
                          SWAP;
                          {  };
                          SWAP;
                          {  };
                          SWAP;
                          {  };
                          { {  }; { SWAP }; ADD } } };
                    {  };
                    { { { { { PUSH int 2 }; { DUP 3 }; ADD }; { DUP 3 }; PAIR };
                        { SWAP };
                        SWAP;
                        EXEC };
                      {  };
                      { { LAMBDA
                            (pair int int)
                            int
                            { {  };
                              UNPAIR;
                              {  };
                              {  };
                              SWAP;
                              {  };
                              { {  }; { SWAP }; SUB } } };
                        {  };
                        { { { { PUSH int 2 }; { DUP 4 }; SUB };
                            { DUP 4 };
                            PAIR;
                            { SWAP };
                            SWAP;
                            EXEC };
                          {  };
                          { { LAMBDA
                                (pair int int int)
                                int
                                { {  };
                                  UNPAIR;
                                  {  };
                                  {  };
                                  SWAP;
                                  {  };
                                  {  };
                                  UNPAIR;
                                  {  };
                                  {  };
                                  SWAP;
                                  {  };
                                  SWAP;
                                  {  };
                                  SWAP;
                                  {  };
                                  { { {  }; { SWAP }; MUL };
                                    { SWAP };
                                    ADD } } };
                            {  };
                            { { { { DIG 3 }; { DUP 3 }; PAIR };
                                { DUP 4 };
                                PAIR;
                                { SWAP };
                                SWAP;
                                EXEC };
                              {  };
                              { { {  }; { { SWAP }; { DIG 2 }; ADD }; ADD };
                                { NIL operation };
                                PAIR } } } } } } } } } ] ]
InterpretSnapshot:
  isStatus: running / faced statement
  isStackFrames:
    [ StackFrame:
      sfName: main
      sfLoc: test/contracts/local-function-assignments.mligo@5:3-5:44
      sfStack:
        [ StackItem:
          siLigoDesc: elem s1 of int
          siValue: 2
        , StackItem:
          siLigoDesc: elem s of int
          siValue: 0 ]
    , StackFrame:
      sfName: main
      sfLoc: test/contracts/local-function-assignments.mligo@1:1-1:1
      sfStack:
        [ StackItem:
          siLigoDesc: elem ? of int
          siValue: 0
        , StackItem:
          siLigoDesc: elem ? of unit
          siValue: Unit
        , StackItem:
          siLigoDesc: elem main of unit -> int -> operation list * int
          siValue:
            { DROP;
              LAMBDA
                int
                (pair (list operation) int)
                { {  };
                  { { LAMBDA
                        (pair int int)
                        int
                        { {  };
                          {  };
                          UNPAIR;
                          {  };
                          {  };
                          SWAP;
                          {  };
                          SWAP;
                          {  };
                          SWAP;
                          {  };
                          { {  }; { SWAP }; ADD } } };
                    {  };
                    { { { { { PUSH int 2 }; { DUP 3 }; ADD }; { DUP 3 }; PAIR };
                        { SWAP };
                        SWAP;
                        EXEC };
                      {  };
                      { { LAMBDA
                            (pair int int)
                            int
                            { {  };
                              UNPAIR;
                              {  };
                              {  };
                              SWAP;
                              {  };
                              { {  }; { SWAP }; SUB } } };
                        {  };
                        { { { { PUSH int 2 }; { DUP 4 }; SUB };
                            { DUP 4 };
                            PAIR;
                            { SWAP };
                            SWAP;
                            EXEC };
                          {  };
                          { { LAMBDA
                                (pair int int int)
                                int
                                { {  };
                                  UNPAIR;
                                  {  };
                                  {  };
                                  SWAP;
                                  {  };
                                  {  };
                                  UNPAIR;
                                  {  };
                                  {  };
                                  SWAP;
                                  {  };
                                  SWAP;
                                  {  };
                                  SWAP;
                                  {  };
                                  { { {  }; { SWAP }; MUL };
                                    { SWAP };
                                    ADD } } };
                            {  };
                            { { { { DIG 3 }; { DUP 3 }; PAIR };
                                { DUP 4 };
                                PAIR;
                                { SWAP };
                                SWAP;
                                EXEC };
                              {  };
                              { { {  }; { { SWAP }; { DIG 2 }; ADD }; ADD };
                                { NIL operation };
                                PAIR } } } } } } } } } ] ]
InterpretSnapshot:
  isStatus: running / faced statement
  isStackFrames:
    [ StackFrame:
      sfName: main
      sfLoc: test/contracts/local-function-assignments.mligo@6:3-6:25
      sfStack:
        [ StackItem:
          siLigoDesc: elem bar of int -> int -> int
          siValue:
            { {  }; UNPAIR; {  }; {  }; SWAP; {  }; { {  }; { SWAP }; SUB } }
        , StackItem:
          siLigoDesc: elem s1 of int
          siValue: 2
        , StackItem:
          siLigoDesc: elem s of int
          siValue: 0 ]
    , StackFrame:
      sfName: main
      sfLoc: test/contracts/local-function-assignments.mligo@1:1-1:1
      sfStack:
        [ StackItem:
          siLigoDesc: elem ? of int
          siValue: 0
        , StackItem:
          siLigoDesc: elem ? of unit
          siValue: Unit
        , StackItem:
          siLigoDesc: elem main of unit -> int -> operation list * int
          siValue:
            { DROP;
              LAMBDA
                int
                (pair (list operation) int)
                { {  };
                  { { LAMBDA
                        (pair int int)
                        int
                        { {  };
                          {  };
                          UNPAIR;
                          {  };
                          {  };
                          SWAP;
                          {  };
                          SWAP;
                          {  };
                          SWAP;
                          {  };
                          { {  }; { SWAP }; ADD } } };
                    {  };
                    { { { { { PUSH int 2 }; { DUP 3 }; ADD }; { DUP 3 }; PAIR };
                        { SWAP };
                        SWAP;
                        EXEC };
                      {  };
                      { { LAMBDA
                            (pair int int)
                            int
                            { {  };
                              UNPAIR;
                              {  };
                              {  };
                              SWAP;
                              {  };
                              { {  }; { SWAP }; SUB } } };
                        {  };
                        { { { { PUSH int 2 }; { DUP 4 }; SUB };
                            { DUP 4 };
                            PAIR;
                            { SWAP };
                            SWAP;
                            EXEC };
                          {  };
                          { { LAMBDA
                                (pair int int int)
                                int
                                { {  };
                                  UNPAIR;
                                  {  };
                                  {  };
                                  SWAP;
                                  {  };
                                  {  };
                                  UNPAIR;
                                  {  };
                                  {  };
                                  SWAP;
                                  {  };
                                  SWAP;
                                  {  };
                                  SWAP;
                                  {  };
                                  { { {  }; { SWAP }; MUL };
                                    { SWAP };
                                    ADD } } };
                            {  };
                            { { { { DIG 3 }; { DUP 3 }; PAIR };
                                { DUP 4 };
                                PAIR;
                                { SWAP };
                                SWAP;
                                EXEC };
                              {  };
                              { { {  }; { { SWAP }; { DIG 2 }; ADD }; ADD };
                                { NIL operation };
                                PAIR } } } } } } } } } ] ]
InterpretSnapshot:
  isStatus: running / upon function call
  isStackFrames:
    [ StackFrame:
      sfName: main
      sfLoc: test/contracts/local-function-assignments.mligo@6:12-6:25
      sfStack:
        [ StackItem:
          siLigoDesc: elem bar of int -> int -> int
          siValue:
            { {  }; UNPAIR; {  }; {  }; SWAP; {  }; { {  }; { SWAP }; SUB } }
        , StackItem:
          siLigoDesc: elem s1 of int
          siValue: 2
        , StackItem:
          siLigoDesc: elem s of int
          siValue: 0 ]
    , StackFrame:
      sfName: main
      sfLoc: test/contracts/local-function-assignments.mligo@1:1-1:1
      sfStack:
        [ StackItem:
          siLigoDesc: elem ? of int
          siValue: 0
        , StackItem:
          siLigoDesc: elem ? of unit
          siValue: Unit
        , StackItem:
          siLigoDesc: elem main of unit -> int -> operation list * int
          siValue:
            { DROP;
              LAMBDA
                int
                (pair (list operation) int)
                { {  };
                  { { LAMBDA
                        (pair int int)
                        int
                        { {  };
                          {  };
                          UNPAIR;
                          {  };
                          {  };
                          SWAP;
                          {  };
                          SWAP;
                          {  };
                          SWAP;
                          {  };
                          { {  }; { SWAP }; ADD } } };
                    {  };
                    { { { { { PUSH int 2 }; { DUP 3 }; ADD }; { DUP 3 }; PAIR };
                        { SWAP };
                        SWAP;
                        EXEC };
                      {  };
                      { { LAMBDA
                            (pair int int)
                            int
                            { {  };
                              UNPAIR;
                              {  };
                              {  };
                              SWAP;
                              {  };
                              { {  }; { SWAP }; SUB } } };
                        {  };
                        { { { { PUSH int 2 }; { DUP 4 }; SUB };
                            { DUP 4 };
                            PAIR;
                            { SWAP };
                            SWAP;
                            EXEC };
                          {  };
                          { { LAMBDA
                                (pair int int int)
                                int
                                { {  };
                                  UNPAIR;
                                  {  };
                                  {  };
                                  SWAP;
                                  {  };
                                  {  };
                                  UNPAIR;
                                  {  };
                                  {  };
                                  SWAP;
                                  {  };
                                  SWAP;
                                  {  };
                                  SWAP;
                                  {  };
                                  { { {  }; { SWAP }; MUL };
                                    { SWAP };
                                    ADD } } };
                            {  };
                            { { { { DIG 3 }; { DUP 3 }; PAIR };
                                { DUP 4 };
                                PAIR;
                                { SWAP };
                                SWAP;
                                EXEC };
                              {  };
                              { { {  }; { { SWAP }; { DIG 2 }; ADD }; ADD };
                                { NIL operation };
                                PAIR } } } } } } } } } ] ]
InterpretSnapshot:
  isStatus: running / faced statement
  isStackFrames:
    [ StackFrame:
      sfName: bar
      sfLoc: test/contracts/local-function-assignments.mligo@5:39-5:44
      sfStack:
        [ StackItem:
          siLigoDesc: elem b of int
          siValue: -2
        , StackItem:
          siLigoDesc: elem a of int
          siValue: 0 ]
    , StackFrame:
      sfName: main
      sfLoc: test/contracts/local-function-assignments.mligo@6:19-6:24
      sfStack:
        [ StackItem:
          siLigoDesc: elem bar of int -> int -> int
          siValue:
            { {  }; UNPAIR; {  }; {  }; SWAP; {  }; { {  }; { SWAP }; SUB } }
        , StackItem:
          siLigoDesc: elem s1 of int
          siValue: 2
        , StackItem:
          siLigoDesc: elem s of int
          siValue: 0 ]
    , StackFrame:
      sfName: main
      sfLoc: test/contracts/local-function-assignments.mligo@1:1-1:1
      sfStack:
        [ StackItem:
          siLigoDesc: elem ? of int
          siValue: 0
        , StackItem:
          siLigoDesc: elem ? of unit
          siValue: Unit
        , StackItem:
          siLigoDesc: elem main of unit -> int -> operation list * int
          siValue:
            { DROP;
              LAMBDA
                int
                (pair (list operation) int)
                { {  };
                  { { LAMBDA
                        (pair int int)
                        int
                        { {  };
                          {  };
                          UNPAIR;
                          {  };
                          {  };
                          SWAP;
                          {  };
                          SWAP;
                          {  };
                          SWAP;
                          {  };
                          { {  }; { SWAP }; ADD } } };
                    {  };
                    { { { { { PUSH int 2 }; { DUP 3 }; ADD }; { DUP 3 }; PAIR };
                        { SWAP };
                        SWAP;
                        EXEC };
                      {  };
                      { { LAMBDA
                            (pair int int)
                            int
                            { {  };
                              UNPAIR;
                              {  };
                              {  };
                              SWAP;
                              {  };
                              { {  }; { SWAP }; SUB } } };
                        {  };
                        { { { { PUSH int 2 }; { DUP 4 }; SUB };
                            { DUP 4 };
                            PAIR;
                            { SWAP };
                            SWAP;
                            EXEC };
                          {  };
                          { { LAMBDA
                                (pair int int int)
                                int
                                { {  };
                                  UNPAIR;
                                  {  };
                                  {  };
                                  SWAP;
                                  {  };
                                  {  };
                                  UNPAIR;
                                  {  };
                                  {  };
                                  SWAP;
                                  {  };
                                  SWAP;
                                  {  };
                                  SWAP;
                                  {  };
                                  { { {  }; { SWAP }; MUL };
                                    { SWAP };
                                    ADD } } };
                            {  };
                            { { { { DIG 3 }; { DUP 3 }; PAIR };
                                { DUP 4 };
                                PAIR;
                                { SWAP };
                                SWAP;
                                EXEC };
                              {  };
                              { { {  }; { { SWAP }; { DIG 2 }; ADD }; ADD };
                                { NIL operation };
                                PAIR } } } } } } } } } ] ]
InterpretSnapshot:
  isStatus: running / faced statement
  isStackFrames:
    [ StackFrame:
      sfName: main
      sfLoc: test/contracts/local-function-assignments.mligo@7:3-7:57
      sfStack:
        [ StackItem:
          siLigoDesc: elem s2 of int
          siValue: 2
        , StackItem:
          siLigoDesc: elem s1 of int
          siValue: 2
        , StackItem:
          siLigoDesc: elem s of int
          siValue: 0 ]
    , StackFrame:
      sfName: main
      sfLoc: test/contracts/local-function-assignments.mligo@1:1-1:1
      sfStack:
        [ StackItem:
          siLigoDesc: elem ? of int
          siValue: 0
        , StackItem:
          siLigoDesc: elem ? of unit
          siValue: Unit
        , StackItem:
          siLigoDesc: elem main of unit -> int -> operation list * int
          siValue:
            { DROP;
              LAMBDA
                int
                (pair (list operation) int)
                { {  };
                  { { LAMBDA
                        (pair int int)
                        int
                        { {  };
                          {  };
                          UNPAIR;
                          {  };
                          {  };
                          SWAP;
                          {  };
                          SWAP;
                          {  };
                          SWAP;
                          {  };
                          { {  }; { SWAP }; ADD } } };
                    {  };
                    { { { { { PUSH int 2 }; { DUP 3 }; ADD }; { DUP 3 }; PAIR };
                        { SWAP };
                        SWAP;
                        EXEC };
                      {  };
                      { { LAMBDA
                            (pair int int)
                            int
                            { {  };
                              UNPAIR;
                              {  };
                              {  };
                              SWAP;
                              {  };
                              { {  }; { SWAP }; SUB } } };
                        {  };
                        { { { { PUSH int 2 }; { DUP 4 }; SUB };
                            { DUP 4 };
                            PAIR;
                            { SWAP };
                            SWAP;
                            EXEC };
                          {  };
                          { { LAMBDA
                                (pair int int int)
                                int
                                { {  };
                                  UNPAIR;
                                  {  };
                                  {  };
                                  SWAP;
                                  {  };
                                  {  };
                                  UNPAIR;
                                  {  };
                                  {  };
                                  SWAP;
                                  {  };
                                  SWAP;
                                  {  };
                                  SWAP;
                                  {  };
                                  { { {  }; { SWAP }; MUL };
                                    { SWAP };
                                    ADD } } };
                            {  };
                            { { { { DIG 3 }; { DUP 3 }; PAIR };
                                { DUP 4 };
                                PAIR;
                                { SWAP };
                                SWAP;
                                EXEC };
                              {  };
                              { { {  }; { { SWAP }; { DIG 2 }; ADD }; ADD };
                                { NIL operation };
                                PAIR } } } } } } } } } ] ]
InterpretSnapshot:
  isStatus: running / faced statement
  isStackFrames:
    [ StackFrame:
      sfName: main
      sfLoc: test/contracts/local-function-assignments.mligo@8:3-8:26
      sfStack:
        [ StackItem:
          siLigoDesc: elem baz of int -> int * int -> int
          siValue:
            { {  };
              UNPAIR;
              {  };
              {  };
              SWAP;
              {  };
              {  };
              UNPAIR;
              {  };
              {  };
              SWAP;
              {  };
              SWAP;
              {  };
              SWAP;
              {  };
              { { {  }; { SWAP }; MUL }; { SWAP }; ADD } }
        , StackItem:
          siLigoDesc: elem s2 of int
          siValue: 2
        , StackItem:
          siLigoDesc: elem s1 of int
          siValue: 2
        , StackItem:
          siLigoDesc: elem s of int
          siValue: 0 ]
    , StackFrame:
      sfName: main
      sfLoc: test/contracts/local-function-assignments.mligo@1:1-1:1
      sfStack:
        [ StackItem:
          siLigoDesc: elem ? of int
          siValue: 0
        , StackItem:
          siLigoDesc: elem ? of unit
          siValue: Unit
        , StackItem:
          siLigoDesc: elem main of unit -> int -> operation list * int
          siValue:
            { DROP;
              LAMBDA
                int
                (pair (list operation) int)
                { {  };
                  { { LAMBDA
                        (pair int int)
                        int
                        { {  };
                          {  };
                          UNPAIR;
                          {  };
                          {  };
                          SWAP;
                          {  };
                          SWAP;
                          {  };
                          SWAP;
                          {  };
                          { {  }; { SWAP }; ADD } } };
                    {  };
                    { { { { { PUSH int 2 }; { DUP 3 }; ADD }; { DUP 3 }; PAIR };
                        { SWAP };
                        SWAP;
                        EXEC };
                      {  };
                      { { LAMBDA
                            (pair int int)
                            int
                            { {  };
                              UNPAIR;
                              {  };
                              {  };
                              SWAP;
                              {  };
                              { {  }; { SWAP }; SUB } } };
                        {  };
                        { { { { PUSH int 2 }; { DUP 4 }; SUB };
                            { DUP 4 };
                            PAIR;
                            { SWAP };
                            SWAP;
                            EXEC };
                          {  };
                          { { LAMBDA
                                (pair int int int)
                                int
                                { {  };
                                  UNPAIR;
                                  {  };
                                  {  };
                                  SWAP;
                                  {  };
                                  {  };
                                  UNPAIR;
                                  {  };
                                  {  };
                                  SWAP;
                                  {  };
                                  SWAP;
                                  {  };
                                  SWAP;
                                  {  };
                                  { { {  }; { SWAP }; MUL };
                                    { SWAP };
                                    ADD } } };
                            {  };
                            { { { { DIG 3 }; { DUP 3 }; PAIR };
                                { DUP 4 };
                                PAIR;
                                { SWAP };
                                SWAP;
                                EXEC };
                              {  };
                              { { {  }; { { SWAP }; { DIG 2 }; ADD }; ADD };
                                { NIL operation };
                                PAIR } } } } } } } } } ] ]
InterpretSnapshot:
  isStatus: running / upon function call
  isStackFrames:
    [ StackFrame:
      sfName: main
      sfLoc: test/contracts/local-function-assignments.mligo@8:12-8:26
      sfStack:
        [ StackItem:
          siLigoDesc: elem baz of int -> int * int -> int
          siValue:
            { {  };
              UNPAIR;
              {  };
              {  };
              SWAP;
              {  };
              {  };
              UNPAIR;
              {  };
              {  };
              SWAP;
              {  };
              SWAP;
              {  };
              SWAP;
              {  };
              { { {  }; { SWAP }; MUL }; { SWAP }; ADD } }
        , StackItem:
          siLigoDesc: elem s2 of int
          siValue: 2
        , StackItem:
          siLigoDesc: elem s1 of int
          siValue: 2
        , StackItem:
          siLigoDesc: elem s of int
          siValue: 0 ]
    , StackFrame:
      sfName: main
      sfLoc: test/contracts/local-function-assignments.mligo@1:1-1:1
      sfStack:
        [ StackItem:
          siLigoDesc: elem ? of int
          siValue: 0
        , StackItem:
          siLigoDesc: elem ? of unit
          siValue: Unit
        , StackItem:
          siLigoDesc: elem main of unit -> int -> operation list * int
          siValue:
            { DROP;
              LAMBDA
                int
                (pair (list operation) int)
                { {  };
                  { { LAMBDA
                        (pair int int)
                        int
                        { {  };
                          {  };
                          UNPAIR;
                          {  };
                          {  };
                          SWAP;
                          {  };
                          SWAP;
                          {  };
                          SWAP;
                          {  };
                          { {  }; { SWAP }; ADD } } };
                    {  };
                    { { { { { PUSH int 2 }; { DUP 3 }; ADD }; { DUP 3 }; PAIR };
                        { SWAP };
                        SWAP;
                        EXEC };
                      {  };
                      { { LAMBDA
                            (pair int int)
                            int
                            { {  };
                              UNPAIR;
                              {  };
                              {  };
                              SWAP;
                              {  };
                              { {  }; { SWAP }; SUB } } };
                        {  };
                        { { { { PUSH int 2 }; { DUP 4 }; SUB };
                            { DUP 4 };
                            PAIR;
                            { SWAP };
                            SWAP;
                            EXEC };
                          {  };
                          { { LAMBDA
                                (pair int int int)
                                int
                                { {  };
                                  UNPAIR;
                                  {  };
                                  {  };
                                  SWAP;
                                  {  };
                                  {  };
                                  UNPAIR;
                                  {  };
                                  {  };
                                  SWAP;
                                  {  };
                                  SWAP;
                                  {  };
                                  SWAP;
                                  {  };
                                  { { {  }; { SWAP }; MUL };
                                    { SWAP };
                                    ADD } } };
                            {  };
                            { { { { DIG 3 }; { DUP 3 }; PAIR };
                                { DUP 4 };
                                PAIR;
                                { SWAP };
                                SWAP;
                                EXEC };
                              {  };
                              { { {  }; { { SWAP }; { DIG 2 }; ADD }; ADD };
                                { NIL operation };
                                PAIR } } } } } } } } } ] ]
InterpretSnapshot:
  isStatus: running / faced statement
  isStackFrames:
    [ StackFrame:
      sfName: baz
      sfLoc: test/contracts/local-function-assignments.mligo@7:48-7:57
      sfStack:
        [ StackItem:
          siLigoDesc: elem c of int
          siValue: 0
        , StackItem:
          siLigoDesc: elem b of int
          siValue: 2
        , StackItem:
          siLigoDesc: elem a of int
          siValue: 2 ]
    , StackFrame:
      sfName: main
      sfLoc: test/contracts/local-function-assignments.mligo@8:20-8:25
      sfStack:
        [ StackItem:
          siLigoDesc: elem baz of int -> int * int -> int
          siValue:
            { {  };
              UNPAIR;
              {  };
              {  };
              SWAP;
              {  };
              {  };
              UNPAIR;
              {  };
              {  };
              SWAP;
              {  };
              SWAP;
              {  };
              SWAP;
              {  };
              { { {  }; { SWAP }; MUL }; { SWAP }; ADD } }
        , StackItem:
          siLigoDesc: elem s2 of int
          siValue: 2
        , StackItem:
          siLigoDesc: elem s1 of int
          siValue: 2
        , StackItem:
          siLigoDesc: elem s of int
          siValue: 0 ]
    , StackFrame:
      sfName: main
      sfLoc: test/contracts/local-function-assignments.mligo@1:1-1:1
      sfStack:
        [ StackItem:
          siLigoDesc: elem ? of int
          siValue: 0
        , StackItem:
          siLigoDesc: elem ? of unit
          siValue: Unit
        , StackItem:
          siLigoDesc: elem main of unit -> int -> operation list * int
          siValue:
            { DROP;
              LAMBDA
                int
                (pair (list operation) int)
                { {  };
                  { { LAMBDA
                        (pair int int)
                        int
                        { {  };
                          {  };
                          UNPAIR;
                          {  };
                          {  };
                          SWAP;
                          {  };
                          SWAP;
                          {  };
                          SWAP;
                          {  };
                          { {  }; { SWAP }; ADD } } };
                    {  };
                    { { { { { PUSH int 2 }; { DUP 3 }; ADD }; { DUP 3 }; PAIR };
                        { SWAP };
                        SWAP;
                        EXEC };
                      {  };
                      { { LAMBDA
                            (pair int int)
                            int
                            { {  };
                              UNPAIR;
                              {  };
                              {  };
                              SWAP;
                              {  };
                              { {  }; { SWAP }; SUB } } };
                        {  };
                        { { { { PUSH int 2 }; { DUP 4 }; SUB };
                            { DUP 4 };
                            PAIR;
                            { SWAP };
                            SWAP;
                            EXEC };
                          {  };
                          { { LAMBDA
                                (pair int int int)
                                int
                                { {  };
                                  UNPAIR;
                                  {  };
                                  {  };
                                  SWAP;
                                  {  };
                                  {  };
                                  UNPAIR;
                                  {  };
                                  {  };
                                  SWAP;
                                  {  };
                                  SWAP;
                                  {  };
                                  SWAP;
                                  {  };
                                  { { {  }; { SWAP }; MUL };
                                    { SWAP };
                                    ADD } } };
                            {  };
                            { { { { DIG 3 }; { DUP 3 }; PAIR };
                                { DUP 4 };
                                PAIR;
                                { SWAP };
                                SWAP;
                                EXEC };
                              {  };
                              { { {  }; { { SWAP }; { DIG 2 }; ADD }; ADD };
                                { NIL operation };
                                PAIR } } } } } } } } } ] ]
InterpretSnapshot:
  isStatus: running / faced statement
  isStackFrames:
    [ StackFrame:
      sfName: main
      sfLoc: test/contracts/local-function-assignments.mligo@9:3-9:40
      sfStack:
        [ StackItem:
          siLigoDesc: elem s3 of int
          siValue: 2
        , StackItem:
          siLigoDesc: elem s2 of int
          siValue: 2
        , StackItem:
          siLigoDesc: elem s1 of int
          siValue: 2 ]
    , StackFrame:
      sfName: main
      sfLoc: test/contracts/local-function-assignments.mligo@1:1-1:1
      sfStack:
        [ StackItem:
          siLigoDesc: elem ? of int
          siValue: 0
        , StackItem:
          siLigoDesc: elem ? of unit
          siValue: Unit
        , StackItem:
          siLigoDesc: elem main of unit -> int -> operation list * int
          siValue:
            { DROP;
              LAMBDA
                int
                (pair (list operation) int)
                { {  };
                  { { LAMBDA
                        (pair int int)
                        int
                        { {  };
                          {  };
                          UNPAIR;
                          {  };
                          {  };
                          SWAP;
                          {  };
                          SWAP;
                          {  };
                          SWAP;
                          {  };
                          { {  }; { SWAP }; ADD } } };
                    {  };
                    { { { { { PUSH int 2 }; { DUP 3 }; ADD }; { DUP 3 }; PAIR };
                        { SWAP };
                        SWAP;
                        EXEC };
                      {  };
                      { { LAMBDA
                            (pair int int)
                            int
                            { {  };
                              UNPAIR;
                              {  };
                              {  };
                              SWAP;
                              {  };
                              { {  }; { SWAP }; SUB } } };
                        {  };
                        { { { { PUSH int 2 }; { DUP 4 }; SUB };
                            { DUP 4 };
                            PAIR;
                            { SWAP };
                            SWAP;
                            EXEC };
                          {  };
                          { { LAMBDA
                                (pair int int int)
                                int
                                { {  };
                                  UNPAIR;
                                  {  };
                                  {  };
                                  SWAP;
                                  {  };
                                  {  };
                                  UNPAIR;
                                  {  };
                                  {  };
                                  SWAP;
                                  {  };
                                  SWAP;
                                  {  };
                                  SWAP;
                                  {  };
                                  { { {  }; { SWAP }; MUL };
                                    { SWAP };
                                    ADD } } };
                            {  };
                            { { { { DIG 3 }; { DUP 3 }; PAIR };
                                { DUP 4 };
                                PAIR;
                                { SWAP };
                                SWAP;
                                EXEC };
                              {  };
                              { { {  }; { { SWAP }; { DIG 2 }; ADD }; ADD };
                                { NIL operation };
                                PAIR } } } } } } } } } ] ]
InterpretSnapshot:
  isStatus: terminated ok
  isStackFrames:
    [ StackFrame:
      sfName: main
      sfLoc: test/contracts/local-function-assignments.mligo@9:4-9:39
      sfStack:
        [ StackItem:
          siLigoDesc: elem ? of 
          siValue: Pair { } 6
        , StackItem:
          siLigoDesc: elem ? of 
          siValue: 0 ]
    , StackFrame:
      sfName: main
      sfLoc: test/contracts/local-function-assignments.mligo@1:1-1:1
      sfStack:
        [ StackItem:
          siLigoDesc: elem ? of int
          siValue: 0
        , StackItem:
          siLigoDesc: elem ? of unit
          siValue: Unit
        , StackItem:
          siLigoDesc: elem main of unit -> int -> operation list * int
          siValue:
            { DROP;
              LAMBDA
                int
                (pair (list operation) int)
                { {  };
                  { { LAMBDA
                        (pair int int)
                        int
                        { {  };
                          {  };
                          UNPAIR;
                          {  };
                          {  };
                          SWAP;
                          {  };
                          SWAP;
                          {  };
                          SWAP;
                          {  };
                          { {  }; { SWAP }; ADD } } };
                    {  };
                    { { { { { PUSH int 2 }; { DUP 3 }; ADD }; { DUP 3 }; PAIR };
                        { SWAP };
                        SWAP;
                        EXEC };
                      {  };
                      { { LAMBDA
                            (pair int int)
                            int
                            { {  };
                              UNPAIR;
                              {  };
                              {  };
                              SWAP;
                              {  };
                              { {  }; { SWAP }; SUB } } };
                        {  };
                        { { { { PUSH int 2 }; { DUP 4 }; SUB };
                            { DUP 4 };
                            PAIR;
                            { SWAP };
                            SWAP;
                            EXEC };
                          {  };
                          { { LAMBDA
                                (pair int int int)
                                int
                                { {  };
                                  UNPAIR;
                                  {  };
                                  {  };
                                  SWAP;
                                  {  };
                                  {  };
                                  UNPAIR;
                                  {  };
                                  {  };
                                  SWAP;
                                  {  };
                                  SWAP;
                                  {  };
                                  SWAP;
                                  {  };
                                  { { {  }; { SWAP }; MUL };
                                    { SWAP };
                                    ADD } } };
                            {  };
                            { { { { DIG 3 }; { DUP 3 }; PAIR };
                                { DUP 4 };
                                PAIR;
                                { SWAP };
                                SWAP;
                                EXEC };
                              {  };
                              { { {  }; { { SWAP }; { DIG 2 }; ADD }; ADD };
                                { NIL operation };
                                PAIR } } } } } } } } } ] ]