InterpretSnapshot:
  isStatus: running / faced statement
  isStackFrames:
    [ StackFrame:
      sfName: IncDec.increment
      sfLoc: test/contracts/module-entrypoints.mligo@7:5-7:22
      sfStack:
        [ StackItem:
          siLigoDesc: elem store of int
          siValue: 100
        , StackItem:
          siLigoDesc: elem delta of int
          siValue: 42 ]
    , StackFrame:
      sfName: IncDec.<module main>
      sfLoc: test/contracts/module-entrypoints.mligo@1:1-1:1
      sfStack:
        [ StackItem:
          siLigoDesc:
            elem ? of (Decrement of (int) | Increment of (int) | Reset of (unit)) * int
          siValue: 42
        , StackItem:
          siLigoDesc: elem s of int
          siValue: 100
        , StackItem:
          siLigoDesc:
            elem IncDec.increment of int -> int -> operation list * int
          siValue:
            { {  };
              UNPAIR;
              {  };
              {  };
              SWAP;
              {  };
              { { { SWAP }; { SWAP }; ADD }; { NIL operation }; PAIR } } ] ]
InterpretSnapshot:
  isStatus: running / upon expression
  isStackFrames:
    [ StackFrame:
      sfName: IncDec.increment
      sfLoc: test/contracts/module-entrypoints.mligo@7:9-7:22
      sfStack:
        [ StackItem:
          siLigoDesc: elem store of int
          siValue: 100
        , StackItem:
          siLigoDesc: elem delta of int
          siValue: 42 ]
    , StackFrame:
      sfName: IncDec.<module main>
      sfLoc: test/contracts/module-entrypoints.mligo@1:1-1:1
      sfStack:
        [ StackItem:
          siLigoDesc:
            elem ? of (Decrement of (int) | Increment of (int) | Reset of (unit)) * int
          siValue: 42
        , StackItem:
          siLigoDesc: elem s of int
          siValue: 100
        , StackItem:
          siLigoDesc:
            elem IncDec.increment of int -> int -> operation list * int
          siValue:
            { {  };
              UNPAIR;
              {  };
              {  };
              SWAP;
              {  };
              { { { SWAP }; { SWAP }; ADD }; { NIL operation }; PAIR } } ] ]
InterpretSnapshot:
  isStatus: running / expression evaluated (142 : int)
  isStackFrames:
    [ StackFrame:
      sfName: IncDec.increment
      sfLoc: test/contracts/module-entrypoints.mligo@7:9-7:22
      sfStack:
        [ StackItem:
          siLigoDesc: elem store of int
          siValue: 100
        , StackItem:
          siLigoDesc: elem delta of int
          siValue: 42 ]
    , StackFrame:
      sfName: IncDec.<module main>
      sfLoc: test/contracts/module-entrypoints.mligo@1:1-1:1
      sfStack:
        [ StackItem:
          siLigoDesc:
            elem ? of (Decrement of (int) | Increment of (int) | Reset of (unit)) * int
          siValue: 42
        , StackItem:
          siLigoDesc: elem s of int
          siValue: 100
        , StackItem:
          siLigoDesc:
            elem IncDec.increment of int -> int -> operation list * int
          siValue:
            { {  };
              UNPAIR;
              {  };
              {  };
              SWAP;
              {  };
              { { { SWAP }; { SWAP }; ADD }; { NIL operation }; PAIR } } ] ]
InterpretSnapshot:
  isStatus: running / upon expression
  isStackFrames:
    [ StackFrame:
      sfName: IncDec.increment
      sfLoc: test/contracts/module-entrypoints.mligo@7:5-7:7
      sfStack:
        [ StackItem:
          siLigoDesc: elem store of int
          siValue: 100
        , StackItem:
          siLigoDesc: elem delta of int
          siValue: 42 ]
    , StackFrame:
      sfName: IncDec.<module main>
      sfLoc: test/contracts/module-entrypoints.mligo@1:1-1:1
      sfStack:
        [ StackItem:
          siLigoDesc:
            elem ? of (Decrement of (int) | Increment of (int) | Reset of (unit)) * int
          siValue: 42
        , StackItem:
          siLigoDesc: elem s of int
          siValue: 100
        , StackItem:
          siLigoDesc:
            elem IncDec.increment of int -> int -> operation list * int
          siValue:
            { {  };
              UNPAIR;
              {  };
              {  };
              SWAP;
              {  };
              { { { SWAP }; { SWAP }; ADD }; { NIL operation }; PAIR } } ] ]
InterpretSnapshot:
  isStatus: running / expression evaluated ({ } : operation list)
  isStackFrames:
    [ StackFrame:
      sfName: IncDec.increment
      sfLoc: test/contracts/module-entrypoints.mligo@7:5-7:7
      sfStack:
        [ StackItem:
          siLigoDesc: elem store of int
          siValue: 100
        , StackItem:
          siLigoDesc: elem delta of int
          siValue: 42 ]
    , StackFrame:
      sfName: IncDec.<module main>
      sfLoc: test/contracts/module-entrypoints.mligo@1:1-1:1
      sfStack:
        [ StackItem:
          siLigoDesc:
            elem ? of (Decrement of (int) | Increment of (int) | Reset of (unit)) * int
          siValue: 42
        , StackItem:
          siLigoDesc: elem s of int
          siValue: 100
        , StackItem:
          siLigoDesc:
            elem IncDec.increment of int -> int -> operation list * int
          siValue:
            { {  };
              UNPAIR;
              {  };
              {  };
              SWAP;
              {  };
              { { { SWAP }; { SWAP }; ADD }; { NIL operation }; PAIR } } ] ]
InterpretSnapshot:
  isStatus: running / expression evaluated (Pair { } 142 : operation list * int)
  isStackFrames:
    [ StackFrame:
      sfName: IncDec.increment
      sfLoc: test/contracts/module-entrypoints.mligo@7:5-7:22
      sfStack:
        [ StackItem:
          siLigoDesc: elem store of int
          siValue: 100
        , StackItem:
          siLigoDesc: elem delta of int
          siValue: 42 ]
    , StackFrame:
      sfName: IncDec.<module main>
      sfLoc: test/contracts/module-entrypoints.mligo@1:1-1:1
      sfStack:
        [ StackItem:
          siLigoDesc:
            elem ? of (Decrement of (int) | Increment of (int) | Reset of (unit)) * int
          siValue: 42
        , StackItem:
          siLigoDesc: elem s of int
          siValue: 100
        , StackItem:
          siLigoDesc:
            elem IncDec.increment of int -> int -> operation list * int
          siValue:
            { {  };
              UNPAIR;
              {  };
              {  };
              SWAP;
              {  };
              { { { SWAP }; { SWAP }; ADD }; { NIL operation }; PAIR } } ] ]
InterpretSnapshot:
  isStatus: terminated ok
  isStackFrames:
    [ StackFrame:
      sfName: IncDec.increment
      sfLoc: test/contracts/module-entrypoints.mligo@7:5-7:22
      sfStack:
        [ StackItem:
          siLigoDesc: elem ? of 
          siValue: Pair { } 142
        , StackItem:
          siLigoDesc: elem ? of 
          siValue: 100 ]
    , StackFrame:
      sfName: IncDec.<module main>
      sfLoc: test/contracts/module-entrypoints.mligo@1:1-1:1
      sfStack:
        [ StackItem:
          siLigoDesc:
            elem ? of (Decrement of (int) | Increment of (int) | Reset of (unit)) * int
          siValue: 42
        , StackItem:
          siLigoDesc: elem s of int
          siValue: 100
        , StackItem:
          siLigoDesc:
            elem IncDec.increment of int -> int -> operation list * int
          siValue:
            { {  };
              UNPAIR;
              {  };
              {  };
              SWAP;
              {  };
              { { { SWAP }; { SWAP }; ADD }; { NIL operation }; PAIR } } ] ]