InterpretSnapshot:
  isStatus: running / faced statement
  isStackFrames:
    [ StackFrame:
      sfName: main
      sfLoc: test/contracts/record-update-is-statement.mligo@11:3-14:16
      sfStack:
        [ StackItem:
          siLigoDesc:
            elem s of [@layout comb]
              { a: int; b: string; c: (False of (unit) | True of (unit)); } in test/contracts/record-update-is-statement.mligo
          siValue: Pair 0 (Pair "\"str\"" False) ] ]
InterpretSnapshot:
  isStatus: running / faced statement
  isStackFrames:
    [ StackFrame:
      sfName: main
      sfLoc: test/contracts/record-update-is-statement.mligo@12:11-12:18
      sfStack:
        [ StackItem:
          siLigoDesc:
            elem s of [@layout comb]
              { a: int; b: string; c: (False of (unit) | True of (unit)); } in test/contracts/record-update-is-statement.mligo
          siValue: Pair 0 (Pair "\"str\"" False) ] ]
InterpretSnapshot:
  isStatus: running / faced statement
  isStackFrames:
    [ StackFrame:
      sfName: main
      sfLoc: test/contracts/record-update-is-statement.mligo@13:17-13:36
      sfStack:
        [ StackItem:
          siLigoDesc:
            elem s of [@layout comb]
              { a: int; b: string; c: (False of (unit) | True of (unit)); } in test/contracts/record-update-is-statement.mligo
          siValue: Pair 0 (Pair "\"str\"" False) ] ]
InterpretSnapshot:
  isStatus: running / faced statement
  isStackFrames:
    [ StackFrame:
      sfName: main
      sfLoc: test/contracts/record-update-is-statement.mligo@16:3-16:38
      sfStack:
        [ StackItem:
          siLigoDesc:
            elem s of [@layout comb]
              { a: int; b: string; c: (False of (unit) | True of (unit)); } in test/contracts/record-update-is-statement.mligo
          siValue: Pair 0 (Pair "\"str\"" False)
        , StackItem:
          siLigoDesc:
            elem newStorage of [@layout comb]
              { a: int; b: string; c: (False of (unit) | True of (unit)); } in test/contracts/record-update-is-statement.mligo
          siValue: Pair 0 (Pair "\"str\"" True) ] ]
InterpretSnapshot:
  isStatus: terminated ok
  isStackFrames:
    [ StackFrame:
      sfName: main
      sfLoc: test/contracts/record-update-is-statement.mligo@16:4-16:37
      sfStack:
        [ StackItem:
          siLigoDesc: elem ? of  in #generated
          siValue: { { }; 0; "\"str\""; True }
        , StackItem:
          siLigoDesc: elem ? of  in #generated
          siValue: Pair 0 (Pair "\"str\"" False) ] ]