InterpretSnapshot:
  isStatus: running / faced statement
  isStackFrames:
    [StackFrame:
      sfName: main
      sfLoc: test/contracts/seq-nodes-without-locations.mligo:4:2-4:18
      sfStack:
        [StackItem:
          siLigoDesc: elem s of int
          siValue: 0
        ]
    ]

InterpretSnapshot:
  isStatus: running / upon expression
  isStackFrames:
    [StackFrame:
      sfName: main
      sfLoc: test/contracts/seq-nodes-without-locations.mligo:4:12-4:18
      sfStack:
        [StackItem:
          siLigoDesc: elem s of int
          siValue: 0
        ]
    ]

InterpretSnapshot:
  isStatus: running / expression evaluated (0)
  isStackFrames:
    [StackFrame:
      sfName: main
      sfLoc: test/contracts/seq-nodes-without-locations.mligo:4:12-4:18
      sfStack:
        [StackItem:
          siLigoDesc: elem s of int
          siValue: 0
        ]
    ]

InterpretSnapshot:
  isStatus: running / faced statement
  isStackFrames:
    [StackFrame:
      sfName: main
      sfLoc: test/contracts/seq-nodes-without-locations.mligo:5:2-5:13
      sfStack:
        [StackItem:
          siLigoDesc: elem s of int
          siValue: 0
        ]
    ]

InterpretSnapshot:
  isStatus: running / faced statement
  isStackFrames:
    [StackFrame:
      sfName: main
      sfLoc: test/contracts/seq-nodes-without-locations.mligo:6:2-6:13
      sfStack:
        [StackItem:
          siLigoDesc: elem s of int
          siValue: 0
        ]
    ]

InterpretSnapshot:
  isStatus: running / faced statement
  isStackFrames:
    [StackFrame:
      sfName: main
      sfLoc: test/contracts/seq-nodes-without-locations.mligo:7:2-7:28
      sfStack:
        [StackItem:
          siLigoDesc: elem s of int
          siValue: 0
        ]
    ]

InterpretSnapshot:
  isStatus: running / upon expression
  isStackFrames:
    [StackFrame:
      sfName: main
      sfLoc: test/contracts/seq-nodes-without-locations.mligo:7:3-7:27
      sfStack:
        [StackItem:
          siLigoDesc: elem s of int
          siValue: 0
        ]
    ]

InterpretSnapshot:
  isStatus: running / upon expression
  isStackFrames:
    [StackFrame:
      sfName: main
      sfLoc: test/contracts/seq-nodes-without-locations.mligo:7:3-7:24
      sfStack:
        [StackItem:
          siLigoDesc: elem s of int
          siValue: 0
        ]
    ]

InterpretSnapshot:
  isStatus: running / expression evaluated ({ })
  isStackFrames:
    [StackFrame:
      sfName: main
      sfLoc: test/contracts/seq-nodes-without-locations.mligo:7:3-7:24
      sfStack:
        [StackItem:
          siLigoDesc: elem s of int
          siValue: 0
        ]
    ]

InterpretSnapshot:
  isStatus: running / expression evaluated (Pair { } 0)
  isStackFrames:
    [StackFrame:
      sfName: main
      sfLoc: test/contracts/seq-nodes-without-locations.mligo:7:3-7:27
      sfStack:
        [StackItem:
          siLigoDesc: elem s of int
          siValue: 0
        ]
    ]

InterpretSnapshot:
  isStatus: terminated ok
  isStackFrames:
    [StackFrame:
      sfName: main
      sfLoc: test/contracts/seq-nodes-without-locations.mligo:7:3-7:27
      sfStack:
        [StackItem:
          siLigoDesc: <hidden elem>
          siValue: Pair { } 0
        , StackItem:
          siLigoDesc: <hidden elem>
          siValue: 0
        ]
    ]
