Steping out immediately on start
InterpretSnapshot:
  isStatus: terminated ok
  isStackFrames:
    [ StackFrame:
      sfName: main
      sfLoc: test/contracts/functions-visiting.mligo@14:4-14:29
      sfStack:
        [ StackItem:
          siLigoDesc: elem ? of 
          siValue: Pair { } 221
        , StackItem:
          siLigoDesc: elem ? of 
          siValue: 0 ]
    , StackFrame:
      sfName: main
      sfLoc: test/contracts/functions-visiting.mligo@1:1-1:1
      sfStack:
        [ StackItem:
          siLigoDesc: elem ? of int
          siValue: 0
        , StackItem:
          siLigoDesc: elem ? of unit
          siValue: Unit
        , StackItem:
          siLigoDesc: elem main of unit -> int -> operation list * int
          siValue:
            { PUSH
                (pair (lambda unit int) (lambda int int))
                (Pair
                   { DROP;
                     { { PUSH int 10 }; { PUSH int 10 }; ADD };
                     {  };
                     {  } }
                   { {  };
                     { { { PUSH int 100 }; { SWAP }; ADD };
                       {  };
                       { { { PUSH int 100 }; { SWAP }; ADD }; {  }; {  } } } });
              PAIR;
              { UNPAIR;
                UNPAIR;
                DIG 2;
                DROP;
                {  };
                {  };
                LAMBDA
                  (pair (pair (lambda unit int) (lambda int int)) int)
                  (pair (list operation) int)
                  { UNPAIR;
                    UNPAIR;
                    DIG 2;
                    {  };
                    { { { PUSH int 1 }; { SWAP }; ADD };
                      {  };
                      { { { {  }; { DIG 2 }; SWAP; EXEC };
                          { { UNIT }; { DIG 2 }; SWAP; EXEC };
                          ADD };
                        {  };
                        { {  }; { NIL operation }; PAIR } } } };
                DUP 3;
                DUP 3;
                PAIR;
                APPLY;
                SWAP;
                DIG 2;
                DROP 2 } } ] ]