Steping out immediately on start
InterpretSnapshot:
  isStatus: terminated ok
  isStackFrames:
    [ StackFrame:
      sfName: main
      sfLoc: test/contracts/functions-visiting.mligo@14:4-14:29
      sfStack:
        [ StackItem:
          siLigoDesc: elem ? of  in #generated
          siValue: Pair { } 221
        , StackItem:
          siLigoDesc: elem ? of  in #generated
          siValue: 0 ] ]